manifest should match snapshot:
  1: |
    apiVersion: autoscaling/v2
    kind: HorizontalPodAutoscaler
    metadata:
      labels:
        app.kubernetes.io/instance: RELEASE-NAME
        app.kubernetes.io/managed-by: Helm
        app.kubernetes.io/name: ecr-proxy
        app.kubernetes.io/version: 0.0.0
        helm.sh/chart: ecr-proxy-1.2.3
      name: ecr-proxy
    spec:
      maxReplicas: 11
      metrics:
        - resource:
            name: cpu
            target:
              averageUtilization: 80
              type: Utilization
          type: Resource
      minReplicas: 1
      scaleTargetRef:
        apiVersion: apps/v1
        kind: Deployment
        name: ecr-proxy
