manifest should match snapshot:
  1: |
    apiVersion: networking.k8s.io/v1
    kind: Ingress
    metadata:
      labels:
        app.kubernetes.io/instance: test-release
        app.kubernetes.io/managed-by: Helm
        app.kubernetes.io/name: ecr-proxy
        app.kubernetes.io/version: 0.0.0
        helm.sh/chart: ecr-proxy-1.2.3
      name: ecr-proxy
    spec:
      ingressClassName: nginx
      rules:
        - host: chart-example.local
          http:
            paths:
              - backend:
                  service:
                    name: ecr-proxy
                    port:
                      number: 5000
                path: /
                pathType: Prefix
      tls:
        - hosts:
            - chart-example.local
          secretName: chart-example.local-tls
